{"t":"2026-07-27T19:16:48.629Z","event":"public_url_error","where":"resolve","resolved":"http://localhost:3000"}
{"t":"2026-07-27T19:16:48.647Z","event":"public_url_error","where":"boot","publicUrl":"http://localhost:3000"}
{"t":"2026-07-27T19:16:53.576Z","event":"public_url_error","where":"boot","shop":"http://localhost:3000"}
{"t":"2026-08-10T13:48:12.969Z","event":"public_url_error","where":"resolve","resolved":"http://localhost:3000"}
{"t":"2026-08-10T13:48:12.976Z","event":"public_url_error","where":"boot","publicUrl":"http://localhost:3000"}
{"t":"2026-08-10T13:48:18.041Z","event":"public_url_error","where":"boot","shop":"http://localhost:3000"}
{"t":"2026-08-10T13:52:18.604Z","event":"public_url_error","where":"resolve","resolved":"http://localhost:3000"}
{"t":"2026-08-10T13:52:18.608Z","event":"public_url_error","where":"boot","publicUrl":"http://localhost:3000"}
{"t":"2026-08-10T13:53:12.899Z","event":"public_url_error","where":"resolve","resolved":"http://localhost:3000"}
{"t":"2026-08-10T13:53:12.902Z","event":"public_url_error","where":"boot","publicUrl":"http://localhost:3000"}
{"t":"2026-08-11T11:39:01.043Z","event":"public_url_error","where":"resolve","resolved":"http://localhost:3000"}
{"t":"2026-08-11T11:39:01.059Z","event":"public_url_error","where":"boot","publicUrl":"http://localhost:3000"}
{"t":"2026-08-13T20:20:30.045Z","event":"public_url_error","where":"resolve","resolved":"http://localhost:3000"}
{"t":"2026-08-13T20:20:30.053Z","event":"public_url_error","where":"boot","publicUrl":"http://localhost:3000"}
{"t":"2026-08-13T20:20:34.284Z","event":"public_url_error","where":"boot","shop":"http://localhost:3000"}
{"t":"2026-08-15T08:26:02.592Z","event":"public_url_error","where":"resolve","resolved":"http://localhost:3000"}
{"t":"2026-08-15T08:26:02.596Z","event":"public_url_error","where":"boot","publicUrl":"http://localhost:3000"}
{"t":"2026-08-15T08:26:07.402Z","event":"public_url_error","where":"boot","shop":"http://localhost:3000"}
{"t":"2026-08-15T08:45:06.106Z","event":"public_url_error","where":"resolve","resolved":"http://localhost:3000"}
{"t":"2026-08-15T08:45:06.110Z","event":"public_url_error","where":"boot","publicUrl":"http://localhost:3000"}
{"t":"2026-08-15T08:45:10.908Z","event":"public_url_error","where":"boot","shop":"http://localhost:3000"}
{"t":"2026-08-15T17:56:15.734Z","event":"public_url_error","where":"resolve","resolved":"http://localhost:3000"}
{"t":"2026-08-15T17:56:15.740Z","event":"public_url_error","where":"boot","publicUrl":"http://localhost:3000"}
{"t":"2026-08-15T17:56:16.642Z","event":"code_request","phone":"79991234567","chatId":null,"via":"site"}
{"t":"2026-08-15T17:56:20.352Z","event":"public_url_error","where":"boot","shop":"http://localhost:3000"}
{"t":"2026-08-15T17:56:39.477Z","event":"code_request","phone":"79991234567","chatId":null,"via":"site"}
{"t":"2026-08-15T17:56:58.833Z","event":"code_request_cooldown","phone":"79991234567","wait":1}
{"t":"2026-08-15T17:56:58.835Z","event":"code_request_error","error":"Подождите 1 с","ip":"127.0.0.1"}
{"t":"2026-08-15T17:59:59.937Z","event":"public_url_error","where":"resolve","resolved":"http://localhost:3000"}
{"t":"2026-08-15T17:59:59.941Z","event":"public_url_error","where":"boot","publicUrl":"http://localhost:3000"}
{"t":"2026-08-15T18:00:04.201Z","event":"public_url_error","where":"boot","shop":"http://localhost:3000"}
{"t":"2026-08-15T18:00:04.960Z","event":"code_request","phone":"79995550001","chatId":null,"via":"site"}
{"t":"2026-08-15T18:00:05.029Z","event":"code_request_cooldown","phone":"79995550001","wait":20}
{"t":"2026-08-15T18:00:05.031Z","event":"code_request_error","error":"Подождите 20 с","ip":"127.0.0.1"}
{"t":"2026-08-15T18:00:22.474Z","event":"code_request","phone":"79995550002","chatId":null,"via":"site"}
{"t":"2026-08-15T18:00:24.247Z","event":"code_request_cooldown","phone":"79995550002","wait":19}
{"t":"2026-08-15T18:00:24.248Z","event":"code_request_error","error":"Подождите 19 с","ip":"127.0.0.1"}
{"t":"2026-08-15T18:08:06.737Z","event":"public_url_error","where":"resolve","resolved":"http://localhost:3000"}
{"t":"2026-08-15T18:08:06.740Z","event":"public_url_error","where":"boot","publicUrl":"http://localhost:3000"}
{"t":"2026-08-15T18:08:10.620Z","event":"public_url_error","where":"boot","shop":"http://localhost:3000"}
{"t":"2026-08-17T15:15:55.841Z","event":"public_url_error","where":"resolve","resolved":"http://localhost:3000"}
{"t":"2026-08-17T15:15:55.867Z","event":"public_url_error","where":"boot","publicUrl":"http://localhost:3000"}
{"t":"2026-08-17T16:15:51.662Z","event":"public_url_error","where":"resolve","resolved":"http://localhost:3000"}
{"t":"2026-08-17T16:15:51.720Z","event":"public_url_error","where":"boot","publicUrl":"http://localhost:3000"}
{"t":"2026-08-17T16:48:14.084Z","event":"public_url_error","where":"resolve","resolved":"http://localhost:3000"}
{"t":"2026-08-17T16:48:14.109Z","event":"public_url_error","where":"boot","publicUrl":"http://localhost:3000"}
